 
****************************************
Report : power
        -analysis_effort low
Design : s35932
Version: M-2016.12-SP1
Date   : Mon Mar  6 16:00:22 2023
****************************************


Library(s) Used:

    saed32rvt_ss0p95v25c (File: /mnt/class_data/ecec574-w2019/PDKs/SAED32nm/lib/stdcell_rvt/db_ccs/saed32rvt_ss0p95v25c.db)


Operating Conditions: ss0p95v25c   Library: saed32rvt_ss0p95v25c
Wire Load Model Mode: enclosed

Design        Wire Load Model            Library
------------------------------------------------
s35932                 35000             saed32rvt_ss0p95v25c


Global Operating Voltage = 0.95 
Power-specific unit information :
    Voltage Units = 1V
    Capacitance Units = 1.000000ff
    Time Units = 1ns
    Dynamic Power Units = 1uW    (derived from V,C,T units)
    Leakage Power Units = 1pW


  Cell Internal Power  =   0.0000 uW    (0%)
  Net Switching Power  =  45.6980 uW  (100%)
                         ---------
Total Dynamic Power    =  45.6980 uW  (100%)

Cell Leakage Power     = 491.4000 uW


                 Internal         Switching           Leakage            Total
Power Group      Power            Power               Power              Power   (   %    )  Attrs
--------------------------------------------------------------------------------------------------
io_pad             0.0000            0.0000            0.0000            0.0000  (   0.00%)
memory             0.0000            0.0000            0.0000            0.0000  (   0.00%)
black_box          0.0000            0.0000            0.0000            0.0000  (   0.00%)
clock_network      0.0000            0.0000            0.0000            0.0000  (   0.00%)
register           0.0000           25.2849        2.4338e+08          268.6635  (  50.02%)
sequential         0.0000            0.0000            0.0000            0.0000  (   0.00%)
combinational      0.0000           20.4132        2.4802e+08          268.4345  (  49.98%)
--------------------------------------------------------------------------------------------------
Total              0.0000 uW        45.6981 uW     4.9140e+08 pW       537.0980 uW
1
