Information: Updating graph... (UID-83)
Information: Updating design information... (UID-85)
 
****************************************
Report : qor
Design : FIFO
Version: Q-2019.12
Date   : Wed Mar  8 10:29:56 2023
****************************************


  Timing Path Group 'ideal_clock1'
  -----------------------------------
  Levels of Logic:             32.000
  Critical Path Length:         2.628
  Critical Path Slack:         12.399
  Critical Path Clk Period:    15.200
  Total Negative Slack:         0.000
  No. of Violating Paths:       0.000
  Worst Hold Violation:         0.000
  Total Hold Violation:         0.000
  No. of Hold Violations:       0.000
  -----------------------------------


  Cell Count
  -----------------------------------
  Hierarchical Cell Count:          5
  Hierarchical Port Count:        396
  Leaf Cell Count:                795
  Buf/Inv Cell Count:              70
  Buf Cell Count:                  11
  Inv Cell Count:                  59
  CT Buf/Inv Cell Count:            0
  Combinational Cell Count:       566
  Sequential Cell Count:          229
  Macro Count:                      0
  -----------------------------------


  Area
  -----------------------------------
  Combinational Area:        1463.361
  Noncombinational Area:     1564.511
  Buf/Inv Area:               106.740
  Total Buffer Area:           22.365
  Total Inverter Area:         84.376
  Macro/Black Box Area:         0.000
  Net Area:                   688.133
  Net XLength        :       7442.452
  Net YLength        :       6410.081
  -----------------------------------
  Cell Area:                 3027.872
  Design Area:               3716.004
  Net Length        :       13852.533


  Design Rules
  -----------------------------------
  Total Number of Nets:           928
  Nets With Violations:             0
  Max Trans Violations:             0
  Max Cap Violations:               0
  -----------------------------------


  Hostname: xunil-03.coe.drexel.edu

  Compile CPU Statistics
  -----------------------------------------
  Resource Sharing:                   0.000
  Logic Optimization:                 0.000
  Mapping Optimization:               0.176
  -----------------------------------------
  Overall Compile Time:               0.207
  Overall Compile Wall Clock Time:    0.325

  --------------------------------------------------------------------

  Design  WNS: 0.000  TNS: 0.000  Number of Violating Paths: 0


  Design (Hold)  WNS: 0.000  TNS: 0.000  Number of Violating Paths: 0

  --------------------------------------------------------------------


1
