 
****************************************
Report : resources
Design : FIFO
Version: M-2016.12-SP1
Date   : Wed Feb  1 11:48:03 2023
****************************************

Resource Sharing Report for design FIFO in file src/fifo.v

===============================================================================
|          |              |            | Contained     |                      |
| Resource | Module       | Parameters | Resources     | Contained Operations |
===============================================================================
| r84      | DW01_inc     | width=32   |               | add_85               |
| r86      | DW01_inc     | width=32   |               | add_88               |
| r88      | DW01_inc     | width=32   |               | add_91               |
| r90      | DW01_dec     | width=32   |               | sub_94               |
===============================================================================


Implementation Report
===============================================================================
|                    |                  | Current            | Set            |
| Cell               | Module           | Implementation     | Implementation |
===============================================================================
| add_85             | DW01_inc         | cla                |                |
| add_91             | DW01_inc         | cla                |                |
| add_88             | DW01_inc         | cla                |                |
| sub_94             | DW01_dec         | cla                |                |
===============================================================================

1
