****************************************
Report : timing
	-path_type full
	-delay_type max
	-max_paths 1
	-sort_by slack
Design : s35932
Version: L-2016.06-SP3-1
Date   : Wed Mar  1 18:52:02 2023
****************************************


  Startpoint: TM1 (input port clocked by ideal_clock1)
  Endpoint: DATA_9_26 (output port clocked by ideal_clock1)
  Path Group: ideal_clock1
  Path Type: max

  Point                                    Incr       Path
  ---------------------------------------------------------------
  clock ideal_clock1 (rise edge)           0.00       0.00
  clock network delay (ideal)              0.00       0.00
  input external delay                     2.00       2.00 f
  TM1 (in)                                 0.00       2.00 f
  U5688/Y (INVX0_RVT)                      0.07       2.07 r
  U3313/Y (NBUFFX2_RVT)                    0.10       2.16 r
  U5084/Y (NBUFFX2_RVT)                    0.10       2.26 r
  U3409/Y (INVX0_RVT)                      0.08       2.34 f
  U3406/Y (NBUFFX2_RVT)                    0.18       2.52 f
  U3529/Y (XOR3X2_RVT)                     0.23       2.75 f
  DATA_9_26 (out)                          0.01       2.76 f
  data arrival time                                   2.76

  clock ideal_clock1 (rise edge)           2.00       2.00
  clock network delay (ideal)              0.00       2.00
  clock reconvergence pessimism            0.00       2.00
  clock uncertainty                       -0.05       1.95
  output external delay                   -2.00      -0.05
  data required time                                 -0.05
  ---------------------------------------------------------------
  data required time                                 -0.05
  data arrival time                                  -2.76
  ---------------------------------------------------------------
  slack (VIOLATED)                                   -2.81


1
